[openbook-tools.dexlab.space/market/create]
[backblue.gif]
[fade.gif]
[index.html]
[openbook-tools.dexlab.space/_next/static/css/a05fc736133a0cb6.css]
[openbook-tools.dexlab.space/_next/static/chunks/polyfills-5cd94c89d3acac5f.js]
[openbook-tools.dexlab.space/_next/static/chunks/webpack-6b07a33d4069619b.js]
[openbook-tools.dexlab.space/_next/static/chunks/framework-75db3117d1377048.js]
[openbook-tools.dexlab.space/_next/static/chunks/main-e59df5067b749ff4.js]
[openbook-tools.dexlab.space/_next/static/chunks/pages/_app-b77c4970616dfa66.js]
[openbook-tools.dexlab.space/_next/static/chunks/11e07bb4-468281faa75e21f9.js]
[openbook-tools.dexlab.space/_next/static/chunks/17-999effa024387659.js]
[openbook-tools.dexlab.space/_next/static/chunks/736-39ad65cd90d9aec9.js]
[openbook-tools.dexlab.space/_next/static/chunks/493-4ef1b1c4d129505d.js]
[openbook-tools.dexlab.space/_next/static/chunks/794-ed934696de913496.js]
[openbook-tools.dexlab.space/_next/static/chunks/395-86d60794977f49a2.js]
[openbook-tools.dexlab.space/_next/static/chunks/256-8d95f4914d40b948.js]
[openbook-tools.dexlab.space/_next/static/chunks/454-0afa2cab9fdb8ef1.js]
[openbook-tools.dexlab.space/_next/static/chunks/249-0e549d3e0f25e1d6.js]
[openbook-tools.dexlab.space/_next/static/chunks/pages/market/create-9d97554d191a1565.js]
[openbook-tools.dexlab.space/_next/static/Hyjy7r1Pbf_Jn5P8tLbBY/_buildManifest.js]
[openbook-tools.dexlab.space/_next/static/Hyjy7r1Pbf_Jn5P8tLbBY/_ssgManifest.js]
[openbook-tools.dexlab.space/_next/static/Hyjy7r1Pbf_Jn5P8tLbBY/_middlewareManifest.js]
[openbook-tools.dexlab.space/market/create]
[openbook-tools.dexlab.space/_next/static/css/a05fc736133a0cb6.css]
